[   40936ms] [ERROR] Failed to load resource: the server responded with a status of 500 (Internal Server Error) @ http://localhost:3000/:0
[   42762ms] [INFO] %cDownload the React DevTools for a better development experience: https://react.dev/link/react-devtools font-weight:bold @ webpack-internal:///(pages-dir-browser)/./node_modules/react-dom/cjs/react-dom-client.development.js:28004
[   42989ms] Error: Cannot find module './611.js'
Require stack:
- /Users/holdenzerega/shared-ai-research/.next/server/webpack-runtime.js
- /Users/holdenzerega/shared-ai-research/.next/server/pages/_document.js
- /Users/holdenzerega/shared-ai-research/node_modules/next/dist/server/require.js
- /Users/holdenzerega/shared-ai-research/node_modules/next/dist/server/load-components.js
- /Users/holdenzerega/shared-ai-research/node_modules/next/dist/build/utils.js
- /Users/holdenzerega/shared-ai-research/node_modules/next/dist/build/swc/options.js
- /Users/holdenzerega/shared-ai-research/node_modules/next/dist/build/swc/index.js
- /Users/holdenzerega/shared-ai-research/node_modules/next/dist/build/next-config-ts/transpile-config.js
- /Users/holdenzerega/shared-ai-research/node_modules/next/dist/server/config.js
- /Users/holdenzerega/shared-ai-research/node_modules/next/dist/server/next.js
- /Users/holdenzerega/shared-ai-research/node_modules/next/dist/server/lib/start-server.js
    at Function.<anonymous> (node:internal/modules/cjs/loader:1401:15)
    at <unknown> (file:///Users/holdenzerega/shared-ai-research/node_modules/next/dist/server/require-hook.js:57:36)
    at defaultResolveImpl (node:internal/modules/cjs/loader:1057:19)
    at resolveForCJSWithHooks (node:internal/modules/cjs/loader:1062:22)
    at Function._load (node:internal/modules/cjs/loader:1211:37)
    at TracingChannel.traceSync (node:diagnostics_channel:322:14)
    at wrapModuleLoad (node:internal/modules/cjs/loader:235:24)
    at Module.<anonymous> (node:internal/modules/cjs/loader:1487:12)
    at mod.require (file:///Users/holdenzerega/shared-ai-research/node_modules/next/dist/server/require-hook.js:68:28)
    at require (node:internal/modules/helpers:135:16)
    at __webpack_require__.f.require (file:///Users/holdenzerega/shared-ai-research/.next/server/webpack-runtime.js:190:28)
    at <unknown> (file:///Users/holdenzerega/shared-ai-research/.next/server/webpack-runtime.js:103:40)
    at Array.reduce (<anonymous>)
    at __webpack_require__.e (file:///Users/holdenzerega/shared-ai-research/.next/server/webpack-runtime.js:102:67)
    at Array.map (<anonymous>)
    at __webpack_require__.X (file:///Users/holdenzerega/shared-ai-research/.next/server/webpack-runtime.js:154:22)
    at <unknown> (file:///Users/holdenzerega/shared-ai-research/.next/server/pages/_document.js:1:325)
    at Object.<anonymous> (file:///Users/holdenzerega/shared-ai-research/.next/server/pages/_document.js:1:371)
    at Module._compile (node:internal/modules/cjs/loader:1730:14)
    at Object..js (node:internal/modules/cjs/loader:1895:10)
    at Module.load (node:internal/modules/cjs/loader:1465:32)
    at Function._load (node:internal/modules/cjs/loader:1282:12)
    at TracingChannel.traceSync (node:diagnostics_channel:322:14)
    at wrapModuleLoad (node:internal/modules/cjs/loader:235:24)
    at Module.<anonymous> (node:internal/modules/cjs/loader:1487:12)
    at mod.require (file:///Users/holdenzerega/shared-ai-research/node_modules/next/dist/server/require-hook.js:68:28)
    at require (node:internal/modules/helpers:135:16)
    at requirePage (file:///Users/holdenzerega/shared-ai-research/node_modules/next/dist/server/require.js:99:80)
    at loadComponentsImpl (file:///Users/holdenzerega/shared-ai-research/node_modules/next/dist/server/load-components.js:86:38)
    at DevServer.findPageComponentsImpl (file:///Users/holdenzerega/shared-ai-research/node_modules/next/dist/server/next-server.js:900:77)
    at <unknown> (file:///Users/holdenzerega/shared-ai-research/node_modules/next/dist/server/next-server.js:878:21)
    at <unknown> (file:///Users/holdenzerega/shared-ai-research/node_modules/next/dist/server/lib/trace/tracer.js:184:36)
    at NoopContextManager.with (file:///Users/holdenzerega/shared-ai-research/node_modules/next/dist/compiled/@opentelemetry/api/index.js:1:7062)
    at ContextAPI.with (file:///Users/holdenzerega/shared-ai-research/node_modules/next/dist/compiled/@opentelemetry/api/index.js:1:518)
    at NoopTracer.startActiveSpan (file:///Users/holdenzerega/shared-ai-research/node_modules/next/dist/compiled/@opentelemetry/api/index.js:1:18093)
    at ProxyTracer.startActiveSpan (file:///Users/holdenzerega/shared-ai-research/node_modules/next/dist/compiled/@opentelemetry/api/index.js:1:18854)
    at <unknown> (file:///Users/holdenzerega/shared-ai-research/node_modules/next/dist/server/lib/trace/tracer.js:153:103)
    at NoopContextManager.with (file:///Users/holdenzerega/shared-ai-research/node_modules/next/dist/compiled/@opentelemetry/api/index.js:1:7062)
    at ContextAPI.with (file:///Users/holdenzerega/shared-ai-research/node_modules/next/dist/compiled/@opentelemetry/api/index.js:1:518)
    at NextTracerImpl.trace (file:///Users/holdenzerega/shared-ai-research/node_modules/next/dist/server/lib/trace/tracer.js:153:28)
    at DevServer.findPageComponents (file:///Users/holdenzerega/shared-ai-research/node_modules/next/dist/server/next-server.js:873:41)
    at DevServer.findPageComponents (file:///Users/holdenzerega/shared-ai-research/node_modules/next/dist/server/dev/next-dev-server.js:706:28)
    at async DevServer.renderErrorToResponseImpl (file:///Users/holdenzerega/shared-ai-research/node_modules/next/dist/server/base-server.js:1695:26)
    at async pipe.req.req (file:///Users/holdenzerega/shared-ai-research/node_modules/next/dist/server/base-server.js:1618:30)
    at async DevServer.pipeImpl (file:///Users/holdenzerega/shared-ai-research/node_modules/next/dist/server/base-server.js:1026:25)
    at async NextNodeServer.handleCatchallRenderRequest (file:///Users/holdenzerega/shared-ai-research/node_modules/next/dist/server/next-server.js:409:21)
    at async DevServer.handleRequestImpl (file:///Users/holdenzerega/shared-ai-research/node_modules/next/dist/server/base-server.js:917:17)
    at async (file:///Users/holdenzerega/shared-ai-research/node_modules/next/dist/server/dev/next-dev-server.js:400:20)
    at async Span.traceAsyncFn (file:///Users/holdenzerega/shared-ai-research/node_modules/next/dist/trace/trace.js:157:20)
    at async DevServer.handleRequest (file:///Users/holdenzerega/shared-ai-research/node_modules/next/dist/server/dev/next-dev-server.js:396:24)
[   42962ms] [LOG] [HMR] connected @ webpack-internal:///(pages-dir-browser)/./node_modules/next/dist/client/dev/hot-reloader/pages/websocket.js:45
[   42982ms] [ERROR] Failed to load resource: the server responded with a status of 404 (Not Found) @ http://localhost:3000/favicon.ico:0
[   46749ms] [WARNING] The resource http://localhost:3000/_next/static/media/e4af272ccee01ff0-s.p.woff2 was preloaded using link preload but not used within a few seconds from the window's load event. Please make sure it has an appropriate `as` value and it is preloaded intentionally. @ http://localhost:3000/:0
[   46749ms] [WARNING] The resource http://localhost:3000/_next/static/media/97ac91773d3121b2-s.p.woff2 was preloaded using link preload but not used within a few seconds from the window's load event. Please make sure it has an appropriate `as` value and it is preloaded intentionally. @ http://localhost:3000/:0
[   46749ms] [WARNING] The resource http://localhost:3000/_next/static/media/bb3ef058b751a6ad-s.p.woff2 was preloaded using link preload but not used within a few seconds from the window's load event. Please make sure it has an appropriate `as` value and it is preloaded intentionally. @ http://localhost:3000/:0
[   57241ms] [ERROR] WebSocket connection to 'ws://localhost:3000/_next/webpack-hmr' failed: Error in connection establishment: net::ERR_CONNECTION_REFUSED @ webpack-internal:///(pages-dir-browser)/./node_modules/next/dist/client/dev/hot-reloader/pages/websocket.js:88
[   58245ms] [ERROR] WebSocket connection to 'ws://localhost:3000/_next/webpack-hmr' failed: Error in connection establishment: net::ERR_CONNECTION_REFUSED @ webpack-internal:///(pages-dir-browser)/./node_modules/next/dist/client/dev/hot-reloader/pages/websocket.js:88
[   59248ms] [ERROR] WebSocket connection to 'ws://localhost:3000/_next/webpack-hmr' failed: Error in connection establishment: net::ERR_CONNECTION_REFUSED @ webpack-internal:///(pages-dir-browser)/./node_modules/next/dist/client/dev/hot-reloader/pages/websocket.js:88
[   60251ms] [ERROR] WebSocket connection to 'ws://localhost:3000/_next/webpack-hmr' failed: Error in connection establishment: net::ERR_CONNECTION_REFUSED @ webpack-internal:///(pages-dir-browser)/./node_modules/next/dist/client/dev/hot-reloader/pages/websocket.js:88
[   61253ms] [ERROR] WebSocket connection to 'ws://localhost:3000/_next/webpack-hmr' failed: Error in connection establishment: net::ERR_CONNECTION_REFUSED @ webpack-internal:///(pages-dir-browser)/./node_modules/next/dist/client/dev/hot-reloader/pages/websocket.js:88
[   66347ms] [LOG] [HMR] connected @ webpack-internal:///(pages-dir-browser)/./node_modules/next/dist/client/dev/hot-reloader/pages/websocket.js:45
[   66676ms] [ERROR] Failed to load resource: the server responded with a status of 404 (Not Found) @ http://localhost:3000/_next/static/webpack/20e508791100620d.webpack.hot-update.json:0
[   66702ms] [WARNING] [Fast Refresh] performing full reload because your application had an unrecoverable error @ webpack-internal:///(pages-dir-browser)/./node_modules/next/dist/client/dev/hot-reloader/pages/hot-reloader-pages.js:347
[   68585ms] [LOG] [Fast Refresh] rebuilding @ webpack-internal:///(pages-dir-browser)/./node_modules/next/dist/client/dev/hot-reloader/pages/hot-reloader-pages.js:206
[   69734ms] [WARNING] The resource http://localhost:3000/_next/static/media/e4af272ccee01ff0-s.p.woff2 was preloaded using link preload but not used within a few seconds from the window's load event. Please make sure it has an appropriate `as` value and it is preloaded intentionally. @ http://localhost:3000/:0
[   69734ms] [WARNING] The resource http://localhost:3000/_next/static/media/97ac91773d3121b2-s.p.woff2 was preloaded using link preload but not used within a few seconds from the window's load event. Please make sure it has an appropriate `as` value and it is preloaded intentionally. @ http://localhost:3000/:0
[   69734ms] [WARNING] The resource http://localhost:3000/_next/static/media/bb3ef058b751a6ad-s.p.woff2 was preloaded using link preload but not used within a few seconds from the window's load event. Please make sure it has an appropriate `as` value and it is preloaded intentionally. @ http://localhost:3000/:0
[   77795ms] [ERROR] Failed to load resource: the server responded with a status of 404 (Not Found) @ http://localhost:3000/_next/static/webpack/20e508791100620d.webpack.hot-update.json:0
[   77919ms] [WARNING] [Fast Refresh] performing full reload because your application had an unrecoverable error @ webpack-internal:///(pages-dir-browser)/./node_modules/next/dist/client/dev/hot-reloader/pages/hot-reloader-pages.js:347
[   81067ms] [INFO] %cDownload the React DevTools for a better development experience: https://react.dev/link/react-devtools font-weight:bold @ webpack-internal:///(app-pages-browser)/./node_modules/next/dist/compiled/react-dom/cjs/react-dom-client.development.js:25630
